// Jest Snapshot v1, https://goo.gl/fbAQLP

exports[`Pruebas en <GifItem /> Debe hacer match con el snapshot 1`] = `
<div>
  <div
    class="card"
  >
    <img
      alt="Elvis"
      src="https://upload.wikimedia.org/wikipedia/commons/thumb/9/99/Elvis_Presley_promoting_Jailhouse_Rock.jpg/1200px-Elvis_Presley_promoting_Jailhouse_Rock.jpg"
    />
    <p>
      Elvis
    </p>
  </div>
</div>
`;
